== S1 sqrt(n) slow labels b=0.5: n=2000, #slow=45, t*=8503.8, p_min*n=0.500, p_max*n=1.012
  K=-1.0 T=  6504 U_s=1.741 U_f=2.7164 | untouched_s mean=1.731 fix_s mean=1.749 (unif 0.023) | TV: fix_s 0.811 pair 0.876 total 0.830 pred_pair nan pred_total 0.829 | fix_s~Poi 0.013 | two 0.007 two_slow 0.009 slow@slow 0.040 cyc 0.014 | MC noise ~0.007 [50s]
  K= 0.0 T=  8504 U_s=0.641 U_f=0.3593 | untouched_s mean=0.627 fix_s mean=0.647 (unif 0.023) | TV: fix_s 0.453 pair 0.460 total 0.333 pred_pair nan pred_total 0.330 | fix_s~Poi 0.009 | two 0.002 two_slow 0.002 slow@slow 0.019 cyc 0.015 | MC noise ~0.007 [62s]
  K= 1.0 T= 10504 U_s=0.236 U_f=0.0475 | untouched_s mean=0.233 fix_s mean=0.255 (unif 0.023) | TV: fix_s 0.202 pair 0.202 total 0.104 pred_pair nan pred_total 0.103 | fix_s~Poi 0.004 | two 0.007 two_slow 0.001 slow@slow 0.008 cyc 0.012 | MC noise ~0.007 [92s]
  K= 2.0 T= 12504 U_s=0.087 U_f=0.0063 | untouched_s mean=0.087 fix_s mean=0.106 (unif 0.023) | TV: fix_s 0.078 pair 0.078 total 0.035 pred_pair nan pred_total 0.034 | fix_s~Poi 0.003 | two 0.003 two_slow 0.001 slow@slow 0.011 cyc 0.010 | MC noise ~0.007 [95s]
  K= 3.0 T= 14504 U_s=0.032 U_f=0.0008 | untouched_s mean=0.032 fix_s mean=0.058 (unif 0.023) | TV: fix_s 0.034 pair 0.034 total 0.015 pred_pair 0.031 pred_total 0.012 | fix_s~Poi 0.004 | two 0.002 two_slow 0.001 slow@slow 0.002 cyc 0.014 | MC noise ~0.007 [99s]
== S2 equal classes b=0.5 a=1.5: n=2000, #slow=1000, t*=13815.5, p_min*n=0.500, p_max*n=1.500
  K=-1.0 T= 11816 U_s=2.718 U_f=0.0000 | untouched_s mean=2.721 fix_s mean=3.218 (unif 0.500) | TV: fix_s 0.740 pair 0.740 total 0.637 pred_pair 0.741 pred_total 0.637 | fix_s~Poi 0.006 | two 0.003 two_slow 0.005 slow@slow 0.094 cyc 0.014 | MC noise ~0.007 [82s]
  K= 0.0 T= 13816 U_s=1.000 U_f=0.0000 | untouched_s mean=0.977 fix_s mean=1.461 (unif 0.500) | TV: fix_s 0.368 pair 0.368 total 0.321 pred_pair 0.383 pred_total 0.330 | fix_s~Poi 0.014 | two 0.001 two_slow 0.004 slow@slow 0.044 cyc 0.010 | MC noise ~0.007 [92s]
  K= 1.0 T= 15816 U_s=0.368 U_f=0.0000 | untouched_s mean=0.367 fix_s mean=0.866 (unif 0.500) | TV: fix_s 0.186 pair 0.186 total 0.134 pred_pair 0.187 pred_total 0.133 | fix_s~Poi 0.004 | two 0.005 two_slow 0.003 slow@slow 0.033 cyc 0.014 | MC noise ~0.007 [107s]
  K= 2.0 T= 17816 U_s=0.135 U_f=0.0000 | untouched_s mean=0.131 fix_s mean=0.631 (unif 0.500) | TV: fix_s 0.075 pair 0.075 total 0.050 pred_pair 0.077 pred_total 0.050 | fix_s~Poi 0.003 | two 0.004 two_slow 0.007 slow@slow 0.033 cyc 0.013 | MC noise ~0.007 [117s]
  K= 3.0 T= 19816 U_s=0.050 U_f=0.0000 | untouched_s mean=0.050 fix_s mean=0.555 (unif 0.500) | TV: fix_s 0.025 pair 0.027 total 0.021 pred_pair 0.029 pred_total 0.018 | fix_s~Poi 0.009 | two 0.007 two_slow 0.003 slow@slow 0.027 cyc 0.010 | MC noise ~0.007 [128s]
== S3 continuum 0.5..1.5 (slow := lowest 10%): n=2000, #slow=200, t*=10502.7, p_min*n=0.500, p_max*n=1.500
  K=-1.0 T=  8503 U_s=1.922 U_f=1.4325 | untouched_s mean=1.906 fix_s mean=2.002 (unif 0.101) | TV: fix_s 0.770 pair 0.796 total 0.729 pred_pair nan pred_total 0.729 | fix_s~Poi 0.010 | two 0.006 two_slow 0.002 slow@slow 0.058 cyc 0.007 | MC noise ~0.007 [63s]
  K= 0.0 T= 10503 U_s=0.650 U_f=0.3496 | untouched_s mean=0.651 fix_s mean=0.745 (unif 0.101) | TV: fix_s 0.428 pair 0.433 total 0.328 pred_pair nan pred_total 0.330 | fix_s~Poi 0.004 | two 0.006 two_slow 0.001 slow@slow 0.024 cyc 0.014 | MC noise ~0.007 [73s]
  K= 1.0 T= 12503 U_s=0.221 U_f=0.0885 | untouched_s mean=0.222 fix_s mean=0.321 (unif 0.101) | TV: fix_s 0.176 pair 0.177 total 0.114 pred_pair nan pred_total 0.112 | fix_s~Poi 0.005 | two 0.003 two_slow 0.006 slow@slow 0.023 cyc 0.011 | MC noise ~0.007 [87s]
  K= 2.0 T= 14503 U_s=0.075 U_f=0.0230 | untouched_s mean=0.072 fix_s mean=0.173 (unif 0.101) | TV: fix_s 0.062 pair 0.063 total 0.041 pred_pair nan pred_total 0.036 | fix_s~Poi 0.002 | two 0.007 two_slow 0.005 slow@slow 0.021 cyc 0.006 | MC noise ~0.007 [96s]
  K= 3.0 T= 16503 U_s=0.026 U_f=0.0061 | untouched_s mean=0.026 fix_s mean=0.129 (unif 0.101) | TV: fix_s 0.023 pair 0.023 total 0.008 pred_pair nan pred_total 0.012 | fix_s~Poi 0.002 | two 0.003 two_slow 0.002 slow@slow 0.022 cyc 0.011 | MC noise ~0.007 [109s]
== S4 competing slow classes 0.5 (10%) and 0.6 (20%): n=2000, #slow=600, t*=14118.2, p_min*n=0.410, p_max*n=1.230
  K=-1.0 T= 12118 U_s=2.426 U_f=0.0005 | untouched_s mean=2.410 fix_s mean=2.709 (unif 0.300) | TV: fix_s 0.717 pair 0.717 total 0.592 pred_pair 0.719 pred_total 0.592 | fix_s~Poi 0.004 | two 0.003 two_slow 0.005 slow@slow 0.089 cyc 0.010 | MC noise ~0.007 [86s]
  K= 0.0 T= 14118 U_s=1.000 U_f=0.0000 | untouched_s mean=1.007 fix_s mean=1.308 (unif 0.300) | TV: fix_s 0.471 pair 0.471 total 0.337 pred_pair 0.468 pred_total 0.330 | fix_s~Poi 0.006 | two 0.007 two_slow 0.007 slow@slow 0.041 cyc 0.012 | MC noise ~0.007 [97s]
  K= 1.0 T= 16118 U_s=0.415 U_f=0.0000 | untouched_s mean=0.411 fix_s mean=0.708 (unif 0.300) | TV: fix_s 0.247 pair 0.247 total 0.155 pred_pair 0.252 pred_total 0.149 | fix_s~Poi 0.003 | two 0.008 two_slow 0.003 slow@slow 0.030 cyc 0.012 | MC noise ~0.007 [108s]
  K= 2.0 T= 18118 U_s=0.173 U_f=0.0000 | untouched_s mean=0.173 fix_s mean=0.474 (unif 0.300) | TV: fix_s 0.116 pair 0.116 total 0.063 pred_pair 0.118 pred_total 0.063 | fix_s~Poi 0.003 | two 0.004 two_slow 0.003 slow@slow 0.028 cyc 0.016 | MC noise ~0.007 [118s]
  K= 3.0 T= 20118 U_s=0.073 U_f=0.0000 | untouched_s mean=0.072 fix_s mean=0.371 (unif 0.300) | TV: fix_s 0.049 pair 0.049 total 0.023 pred_pair 0.052 pred_total 0.027 | fix_s~Poi 0.002 | two 0.007 two_slow 0.005 slow@slow 0.024 cyc 0.012 | MC noise ~0.007 [132s]
